
> @pine-ui/storybook@1.0.0 build C:\Users\Jhonathan\Desktop\pine-ui\apps\storybook
> storybook build "--output-dir=C:\\Users\\JHONAT~1\\AppData\\Local\\Temp\\chromatic--35272-I8awkwBll6Cj"

[1m@storybook/core v8.6.18
[22m
info => Cleaning outputDir: [36m..\..\..\..\..\JHONAT~1\AppData\Local\Temp\chromatic--35272-I8awkwBll6Cj[39m
info => Loading presets
info => Building manager..
info => Manager built ([38;2;181;126;229m646 ms[39m)
info => Building preview..
WARN No story files found for the specified pattern: [34m..\..\packages\core\src\**\*.stories.ts[39m
info Using tsconfig paths for react-docgen
[36mvite v5.4.21 [32mbuilding for production...[36m[39m
transforming...
[32m✓[39m 113 modules transformed.
rendering chunks...
computing gzip size...
[2m../../../../../JHONAT~1/AppData/Local/Temp/chromatic--35272-I8awkwBll6Cj/[22m[32miframe.html                               [39m[1m[2m 17.89 kB[22m[1m[22m[2m │ gzip:   5.00 kB[22m
[2m../../../../../JHONAT~1/AppData/Local/Temp/chromatic--35272-I8awkwBll6Cj/[22m[35massets/preview-DDiFmM3Q.css               [39m[1m[2m 10.08 kB[22m[1m[22m[2m │ gzip:   2.86 kB[22m
[2m../../../../../JHONAT~1/AppData/Local/Temp/chromatic--35272-I8awkwBll6Cj/[22m[36massets/preview-CVgpLj3b.js                [39m[1m[2m  0.05 kB[22m[1m[22m[2m │ gzip:   0.07 kB[22m
[2m../../../../../JHONAT~1/AppData/Local/Temp/chromatic--35272-I8awkwBll6Cj/[22m[36massets/preview-CvbIS5ZJ.js                [39m[1m[2m  0.18 kB[22m[1m[22m[2m │ gzip:   0.16 kB[22m
[2m../../../../../JHONAT~1/AppData/Local/Temp/chromatic--35272-I8awkwBll6Cj/[22m[36massets/_commonjsHelpers-Cpj98o6Y.js       [39m[1m[2m  0.24 kB[22m[1m[22m[2m │ gzip:   0.18 kB[22m
[2m../../../../../JHONAT~1/AppData/Local/Temp/chromatic--35272-I8awkwBll6Cj/[22m[36massets/preview-CPTnGPwT.js                [39m[1m[2m  0.42 kB[22m[1m[22m[2m │ gzip:   0.30 kB[22m
[2m../../../../../JHONAT~1/AppData/Local/Temp/chromatic--35272-I8awkwBll6Cj/[22m[36massets/index-BEP1GsES.js                  [39m[1m[2m  0.46 kB[22m[1m[22m[2m │ gzip:   0.30 kB[22m
[2m../../../../../JHONAT~1/AppData/Local/Temp/chromatic--35272-I8awkwBll6Cj/[22m[36massets/chunk-XP5HYGXS-rhzvizV_.js         [39m[1m[2m  0.71 kB[22m[1m[22m[2m │ gzip:   0.40 kB[22m
[2m../../../../../JHONAT~1/AppData/Local/Temp/chromatic--35272-I8awkwBll6Cj/[22m[36massets/preview-DGUiP6tS.js                [39m[1m[2m  0.71 kB[22m[1m[22m[2m │ gzip:   0.50 kB[22m
[2m../../../../../JHONAT~1/AppData/Local/Temp/chromatic--35272-I8awkwBll6Cj/[22m[36massets/index-DrFu-skq.js                  [39m[1m[2m  0.77 kB[22m[1m[22m[2m │ gzip:   0.47 kB[22m
[2m../../../../../JHONAT~1/AppData/Local/Temp/chromatic--35272-I8awkwBll6Cj/[22m[36massets/react-18-bLqJeRpb.js               [39m[1m[2m  0.84 kB[22m[1m[22m[2m │ gzip:   0.50 kB[22m
[2m../../../../../JHONAT~1/AppData/Local/Temp/chromatic--35272-I8awkwBll6Cj/[22m[36massets/jsx-runtime-Z5uAzocK.js            [39m[1m[2m  0.92 kB[22m[1m[22m[2m │ gzip:   0.58 kB[22m
[2m../../../../../JHONAT~1/AppData/Local/Temp/chromatic--35272-I8awkwBll6Cj/[22m[36massets/preview-CgV9BBSw.js                [39m[1m[2m  0.93 kB[22m[1m[22m[2m │ gzip:   0.59 kB[22m
[2m../../../../../JHONAT~1/AppData/Local/Temp/chromatic--35272-I8awkwBll6Cj/[22m[36massets/preview-B16eTw0D.js                [39m[1m[2m  2.22 kB[22m[1m[22m[2m │ gzip:   1.21 kB[22m
[2m../../../../../JHONAT~1/AppData/Local/Temp/chromatic--35272-I8awkwBll6Cj/[22m[36massets/preview-DD_OYowb.js                [39m[1m[2m  3.51 kB[22m[1m[22m[2m │ gzip:   1.69 kB[22m
[2m../../../../../JHONAT~1/AppData/Local/Temp/chromatic--35272-I8awkwBll6Cj/[22m[36massets/preview-B8lJiyuQ.js                [39m[1m[2m  5.06 kB[22m[1m[22m[2m │ gzip:   1.88 kB[22m
[2m../../../../../JHONAT~1/AppData/Local/Temp/chromatic--35272-I8awkwBll6Cj/[22m[36massets/index-pP6CS22B.js                  [39m[1m[2m  7.18 kB[22m[1m[22m[2m │ gzip:   2.92 kB[22m
[2m../../../../../JHONAT~1/AppData/Local/Temp/chromatic--35272-I8awkwBll6Cj/[22m[36massets/preview-BWzBA1C2.js                [39m[1m[2m  7.62 kB[22m[1m[22m[2m │ gzip:   1.56 kB[22m
[2m../../../../../JHONAT~1/AppData/Local/Temp/chromatic--35272-I8awkwBll6Cj/[22m[36massets/preview-BBWR9nbA.js                [39m[1m[2m  8.12 kB[22m[1m[22m[2m │ gzip:   3.10 kB[22m
[2m../../../../../JHONAT~1/AppData/Local/Temp/chromatic--35272-I8awkwBll6Cj/[22m[36massets/Button.stories-CdR3_xWt.js         [39m[1m[2m  8.44 kB[22m[1m[22m[2m │ gzip:   2.79 kB[22m
[2m../../../../../JHONAT~1/AppData/Local/Temp/chromatic--35272-I8awkwBll6Cj/[22m[36massets/test-utils-D0vHCprn.js             [39m[1m[2m 12.99 kB[22m[1m[22m[2m │ gzip:   5.06 kB[22m
[2m../../../../../JHONAT~1/AppData/Local/Temp/chromatic--35272-I8awkwBll6Cj/[22m[36massets/Color-YHDXOIA2-JYNr_TSM.js         [39m[1m[2m 29.37 kB[22m[1m[22m[2m │ gzip:  11.07 kB[22m
[2m../../../../../JHONAT~1/AppData/Local/Temp/chromatic--35272-I8awkwBll6Cj/[22m[36massets/matchers-7Z3WT2CE-T3xScrR7.js      [39m[1m[2m 29.79 kB[22m[1m[22m[2m │ gzip:  10.30 kB[22m
[2m../../../../../JHONAT~1/AppData/Local/Temp/chromatic--35272-I8awkwBll6Cj/[22m[36massets/entry-preview-CWvwFgZs.js          [39m[1m[2m 29.82 kB[22m[1m[22m[2m │ gzip:   9.54 kB[22m
[2m../../../../../JHONAT~1/AppData/Local/Temp/chromatic--35272-I8awkwBll6Cj/[22m[36massets/index-ClL5Gxbg.js                  [39m[1m[2m 57.15 kB[22m[1m[22m[2m │ gzip:  16.30 kB[22m
[2m../../../../../JHONAT~1/AppData/Local/Temp/chromatic--35272-I8awkwBll6Cj/[22m[36massets/index-DLHbBEj9.js                  [39m[1m[2m134.00 kB[22m[1m[22m[2m │ gzip:  43.17 kB[22m
[2m../../../../../JHONAT~1/AppData/Local/Temp/chromatic--35272-I8awkwBll6Cj/[22m[36massets/iframe-m_cW1q9l.js                 [39m[1m[2m207.98 kB[22m[1m[22m[2m │ gzip:  71.71 kB[22m
[2m../../../../../JHONAT~1/AppData/Local/Temp/chromatic--35272-I8awkwBll6Cj/[22m[36massets/entry-preview-docs-Bj0VsVNA.js     [39m[1m[2m244.71 kB[22m[1m[22m[2m │ gzip:  73.44 kB[22m
[2m../../../../../JHONAT~1/AppData/Local/Temp/chromatic--35272-I8awkwBll6Cj/[22m[36massets/axe-D15F9W8j.js                    [39m[1m[33m583.86 kB[39m[22m[2m │ gzip: 160.85 kB[22m
[2m../../../../../JHONAT~1/AppData/Local/Temp/chromatic--35272-I8awkwBll6Cj/[22m[36massets/index-DeN4tkzB.js                  [39m[1m[33m662.40 kB[39m[22m[2m │ gzip: 157.06 kB[22m
[2m../../../../../JHONAT~1/AppData/Local/Temp/chromatic--35272-I8awkwBll6Cj/[22m[36massets/DocsRenderer-CFRXHY34-Tp4s6-4L.js  [39m[1m[33m883.44 kB[39m[22m[2m │ gzip: 275.62 kB[22m
[32m✓ built in 10.50s[39m
info => Preview built ([38;2;181;126;229m42 s[39m)
info => Output directory: C:\Users\JHONAT~1\AppData\Local\Temp\chromatic--35272-I8awkwBll6Cj
